// Jest Snapshot v1, https://goo.gl/fbAQLP

exports[`Render Movie Page Reviews 1`] = `
Array [
  <div
    className="movie-card__poster movie-card__poster--big"
  >
    <img
      alt="Once Upon a Time in America"
      height={327}
      src="https://htmlacademy-react-3.appspot.com/wtw/static/film/poster/Once_Upon_a_Time_in_America.jpg"
      width={218}
    />
  </div>,
  <div
    className="movie-card__desc"
  >
    <nav
      className="movie-nav movie-card__nav"
    >
      <ul
        className="movie-nav__list"
      >
        <li
          className="movie-nav__item
            "
        >
          <a
            className="movie-nav__link"
            href="#"
            onClick={[Function]}
          >
            Overview
          </a>
        </li>
        <li
          className="movie-nav__item
            "
        >
          <a
            className="movie-nav__link"
            href="#"
            onClick={[Function]}
          >
            Details
          </a>
        </li>
        <li
          className="movie-nav__item
            movie-nav__item--active"
        >
          <a
            className="movie-nav__link"
            href="#"
            onClick={[Function]}
          >
            Reviews
          </a>
        </li>
      </ul>
    </nav>
    <div
      className="movie-card__reviews movie-card__row"
    >
      <div
        className="movie-card__reviews-col"
      >
        <div
          className="review"
        >
          <blockquote
            className="review__quote"
          >
            <p
              className="review__text"
            >
              Discerning travellers and Wes Anderson fans will luxuriate in the glorious Mittel-European kitsch of one of the director's funniest and most exquisitely designed movies in years.
            </p>
            <footer
              className="review__details"
            >
              <cite
                className="review__author"
              >
                Kate Muir
              </cite>
              <time
                className="review__date"
                dateTime="2019-05-08T14:13:56.569Z"
              >
                May 8, 2019
              </time>
            </footer>
          </blockquote>
          <div
            className="review__rating"
          >
            9
          </div>
        </div>
      </div>
    </div>
  </div>,
]
`;
