// Jest Snapshot v1, https://goo.gl/fbAQLP

exports[`Render Film 1`] = `
<article
  className="small-movie-card catalog__movies-card"
  onMouseEnter={[Function]}
  onMouseLeave={[Function]}
>
  <div
    className="small-movie-card__image"
    onClick={[Function]}
  >
    <img
      alt="Jojo Rabbit"
      height="175"
      src="https://images-na.ssl-images-amazon.com/images/I/71DIYFHebjL._AC_SY741_.jpg"
      width="280"
    />
  </div>
  <h3
    className="small-movie-card__title"
    onClick={[Function]}
  >
    <a
      className="small-movie-card__link"
    >
      Jojo Rabbit
    </a>
  </h3>
</article>
`;
