// Jest Snapshot v1, https://goo.gl/fbAQLP

exports[`Render Player 1`] = `
Array [
  <div />,
  <button
    className="player__exit"
    onClick={[Function]}
    type="button"
  >
    Exit
  </button>,
  <div
    className="player__controls"
  >
    <div
      className="player__controls-row"
    >
      <div
        className="player__time"
      >
        <progress
          className="player__progress"
          max={10}
          value={0}
        />
        <div
          className="player__toggler"
          style={
            Object {
              "left": "0%",
            }
          }
        >
          Toggler
        </div>
      </div>
      <div
        className="player__time-value"
      >
        00:00:10
      </div>
    </div>
    <div
      className="player__controls-row"
    >
      <button
        className="player__play"
        onClick={[Function]}
        type="button"
      >
        <svg
          fill="none"
          height="19"
          viewBox="0 0 19 19"
          width="19"
          xmlns="http://www.w3.org/2000/svg"
        >
          <path
            clipRule="evenodd"
            d="M0 0L19 9.5L0 19V0Z"
            fill="#EEE5B5"
            fillRule="evenodd"
          />
        </svg>
      </button>
      <div
        className="player__name"
      >
        Once Upon a Time in America
      </div>
      <button
        className="player__full-screen"
        onClick={[Function]}
        type="button"
      >
        <svg
          height={27}
          viewBox="0 0 27 27"
          width={27}
        >
          <use
            xlinkHref="#full-screen"
          />
        </svg>
        <span>
          Full screen
        </span>
      </button>
    </div>
  </div>,
]
`;
