// Jest Snapshot v1, https://goo.gl/fbAQLP

exports[`PrivateRoute renders component 1`] = `<div />`;
