// Jest Snapshot v1, https://goo.gl/fbAQLP

exports[`Render Copyright 1`] = `
<div
  className="copyright"
>
  <p>
    Â© 
    2020
     What to watch Ltd.
  </p>
</div>
`;
