// Jest Snapshot v1, https://goo.gl/fbAQLP

exports[`withSelectedFilm is rendered correctly 1`] = `<div />`;
