// Jest Snapshot v1, https://goo.gl/fbAQLP

exports[`Render Video Film Card 1`] = `<video />`;
