// Jest Snapshot v1, https://goo.gl/fbAQLP

exports[`Render Movie Page Tabs 1`] = `
<nav
  className="movie-nav movie-card__nav"
>
  <ul
    className="movie-nav__list"
  >
    <li
      className="movie-nav__item"
    >
      <a
        className="movie-nav__link"
        href="/films/1"
        onClick={[Function]}
      >
        Overview
      </a>
    </li>
    <li
      className="movie-nav__item"
    >
      <a
        className="movie-nav__link"
        href="/films/1/details"
        onClick={[Function]}
      >
        Details
      </a>
    </li>
    <li
      className="movie-nav__item"
    >
      <a
        className="movie-nav__link"
        href="/films/1/review"
        onClick={[Function]}
      >
        Reviews
      </a>
    </li>
  </ul>
</nav>
`;
