// Jest Snapshot v1, https://goo.gl/fbAQLP

exports[`withCardPlayer is rendered correctly 1`] = `
<div>
  <video />
</div>
`;
