// Jest Snapshot v1, https://goo.gl/fbAQLP

exports[`Render Add Review 1`] = `
<section
  className="movie-card movie-card--full"
>
  <div
    className="movie-card__header"
  >
    <div
      className="add-review__notice add-review__error"
    >
      
    </div>
    <div
      className="movie-card__bg"
    >
      <img
        alt="Once Upon a Time in America"
      />
    </div>
    <h1
      className="visually-hidden"
    >
      WTW
    </h1>
    <header
      className="page-header"
    >
      <div
        className="logo"
      >
        <a
          className="logo__link"
          href="/"
          onClick={[Function]}
        >
          <span
            className="logo__letter logo__letter--1"
          >
            W
          </span>
          <span
            className="logo__letter logo__letter--2"
          >
            T
          </span>
          <span
            className="logo__letter logo__letter--3"
          >
            W
          </span>
        </a>
      </div>
      <nav
        className="breadcrumbs"
      >
        <ul
          className="breadcrumbs__list"
        >
          <li
            className="breadcrumbs__item"
          >
            <a
              className="breadcrumbs__link"
              href="/films/1"
              onClick={[Function]}
            >
              Once Upon a Time in America
            </a>
          </li>
          <li
            className="breadcrumbs__item"
          >
            <a
              className="breadcrumbs__link"
            >
              Add review
            </a>
          </li>
        </ul>
      </nav>
      <div
        className="user-block"
      >
        <div
          className="user-block__avatar"
        >
          <img
            alt="User avatar"
            height={63}
            src="/img/avatar.jpg"
            width={63}
          />
        </div>
      </div>
    </header>
    <div
      className="movie-card__poster movie-card__poster--small"
    >
      <img
        alt="Once Upon a Time in America"
        height={327}
        src="https://htmlacademy-react-3.appspot.com/wtw/static/film/poster/Once_Upon_a_Time_in_America.jpg"
        width={218}
      />
    </div>
  </div>
  <div
    className="add-review"
  >
    <form
      action="#"
      className="add-review__form"
      onSubmit={[Function]}
    >
      
      <div
        className="rating"
      >
        <div
          className="rating__stars"
          onClick={[Function]}
        >
          <input
            className="rating__input"
            defaultChecked={true}
            defaultValue={0}
            disabled={false}
            id="star-0"
            name="rating"
            type="radio"
          />
          <label
            className="rating__label visually-hidden"
            htmlFor="star-0"
          >
            Rating $
            0
          </label>
          <input
            className="rating__input"
            defaultChecked={false}
            defaultValue={1}
            disabled={false}
            id="star-1"
            name="rating"
            type="radio"
          />
          <label
            className="rating__label "
            htmlFor="star-1"
          >
            Rating $
            1
          </label>
          <input
            className="rating__input"
            defaultChecked={false}
            defaultValue={2}
            disabled={false}
            id="star-2"
            name="rating"
            type="radio"
          />
          <label
            className="rating__label "
            htmlFor="star-2"
          >
            Rating $
            2
          </label>
          <input
            className="rating__input"
            defaultChecked={false}
            defaultValue={3}
            disabled={false}
            id="star-3"
            name="rating"
            type="radio"
          />
          <label
            className="rating__label "
            htmlFor="star-3"
          >
            Rating $
            3
          </label>
          <input
            className="rating__input"
            defaultChecked={false}
            defaultValue={4}
            disabled={false}
            id="star-4"
            name="rating"
            type="radio"
          />
          <label
            className="rating__label "
            htmlFor="star-4"
          >
            Rating $
            4
          </label>
          <input
            className="rating__input"
            defaultChecked={false}
            defaultValue={5}
            disabled={false}
            id="star-5"
            name="rating"
            type="radio"
          />
          <label
            className="rating__label "
            htmlFor="star-5"
          >
            Rating $
            5
          </label>
        </div>
      </div>
      <div
        className="add-review__text"
      >
        <textarea
          className="add-review__textarea"
          defaultValue=""
          disabled={false}
          id="review-text"
          name="review-text"
          onChange={[Function]}
          placeholder="Review text"
        />
        <div
          className="add-review__submit"
        >
          <button
            className="add-review__btn"
            disabled={false}
            type="submit"
          >
            Post
          </button>
        </div>
      </div>
    </form>
  </div>
</section>
`;
