// Jest Snapshot v1, https://goo.gl/fbAQLP

exports[`withActiveTab rendered correctly 1`] = `<div />`;
