// Jest Snapshot v1, https://goo.gl/fbAQLP

exports[`Render ShowMoreButton 1`] = `
<div
  className="catalog__more"
  onClick={[Function]}
>
  <button
    className="catalog__button"
    type="button"
  >
    Show more
  </button>
</div>
`;
