// Jest Snapshot v1, https://goo.gl/fbAQLP

exports[`Render Films-List 1`] = `
<div
  className="catalog__movies-list"
/>
`;
