// Jest Snapshot v1, https://goo.gl/fbAQLP

exports[`Render FilmsList 1`] = `
<div
  className="catalog__movies-list"
>
  <article
    className="small-movie-card catalog__movies-card"
    onClick={[Function]}
    onMouseEnter={[Function]}
    onMouseLeave={[Function]}
  >
    <div
      className="small-movie-card__image"
    >
      <video />
    </div>
    <h3
      className="small-movie-card__title"
    >
      <a
        className="small-movie-card__link"
        onClick={null}
      >
        Once Upon a Time in America
      </a>
    </h3>
  </article>
</div>
`;
