// Jest Snapshot v1, https://goo.gl/fbAQLP

exports[`Render Movie Page Details 1`] = `
Array [
  <div
    className="movie-card__poster movie-card__poster--big"
  >
    <img
      alt="Once Upon a Time in America"
      height={327}
      src="https://htmlacademy-react-3.appspot.com/wtw/static/film/poster/Once_Upon_a_Time_in_America.jpg"
      width={218}
    />
  </div>,
  <div
    className="movie-card__desc"
  >
    <nav
      className="movie-nav movie-card__nav"
    >
      <ul
        className="movie-nav__list"
      >
        <li
          className="movie-nav__item
            "
        >
          <a
            className="movie-nav__link"
            href="#"
            onClick={[Function]}
          >
            Overview
          </a>
        </li>
        <li
          className="movie-nav__item
            "
        >
          <a
            className="movie-nav__link"
            href="#"
            onClick={[Function]}
          >
            Details
          </a>
        </li>
        <li
          className="movie-nav__item
            "
        >
          <a
            className="movie-nav__link"
            href="#"
            onClick={[Function]}
          >
            Reviews
          </a>
        </li>
      </ul>
    </nav>
    <div
      className="movie-card__text movie-card__row"
    >
      <div
        className="movie-card__text-col"
      >
        <p
          className="movie-card__details-item"
        >
          <strong
            className="movie-card__details-name"
          >
            Director
          </strong>
          <span
            className="movie-card__details-value"
          >
            Sergio Leone
          </span>
        </p>
        <p
          className="movie-card__details-item"
        >
          <strong
            className="movie-card__details-name"
          >
            Starring
          </strong>
          <span
            className="movie-card__details-value"
          >
            Robert De Niro,
James Woods,
Elizabeth McGovern
          </span>
        </p>
      </div>
      <div
        className="movie-card__text-col"
      >
        <p
          className="movie-card__details-item"
        >
          <strong
            className="movie-card__details-name"
          >
            Run Time
          </strong>
          <span
            className="movie-card__details-value"
          >
            8H 20M
          </span>
        </p>
        <p
          className="movie-card__details-item"
        >
          <strong
            className="movie-card__details-name"
          >
            Genre
          </strong>
          <span
            className="movie-card__details-value"
          >
            Crime
          </span>
        </p>
        <p
          className="movie-card__details-item"
        >
          <strong
            className="movie-card__details-name"
          >
            Released
          </strong>
          <span
            className="movie-card__details-value"
          >
            1984
          </span>
        </p>
      </div>
    </div>
  </div>,
]
`;
