// Jest Snapshot v1, https://goo.gl/fbAQLP

exports[`withFormValues rendered correctly 1`] = `<div />`;
