// Jest Snapshot v1, https://goo.gl/fbAQLP

exports[`Render Movie Page Info Block 1`] = `
<div
  className="movie-card__wrap movie-card__translate-top"
>
  <div
    className="movie-card__info"
  >
    <div
      className="movie-card__poster movie-card__poster--big"
    >
      <img
        alt="Once Upon a Time in America"
        height={327}
        src="https://htmlacademy-react-3.appspot.com/wtw/static/film/poster/Once_Upon_a_Time_in_America.jpg"
        width={218}
      />
    </div>
    <div
      className="movie-card__desc"
    >
      <nav
        className="movie-nav movie-card__nav"
      >
        <ul
          className="movie-nav__list"
        >
          <li
            className="movie-nav__item
            movie-nav__item--active"
          >
            <a
              className="movie-nav__link"
              href="#"
              onClick={[Function]}
            >
              Overview
            </a>
          </li>
          <li
            className="movie-nav__item
            "
          >
            <a
              className="movie-nav__link"
              href="#"
              onClick={[Function]}
            >
              Details
            </a>
          </li>
          <li
            className="movie-nav__item
            "
          >
            <a
              className="movie-nav__link"
              href="#"
              onClick={[Function]}
            >
              Reviews
            </a>
          </li>
        </ul>
      </nav>
      <div
        className="movie-rating"
      >
        <div
          className="movie-rating__score"
        >
          9.9
        </div>
        <p
          className="movie-rating__meta"
        >
          <span
            className="movie-rating__level"
          >
            Very good
          </span>
          <span
            className="movie-rating__count"
          >
            276395
             ratings
          </span>
        </p>
      </div>
      <div
        className="movie-card__text"
      >
        <p>
          A former Prohibition-era Jewish gangster returns to the Lower East Side of Manhattan over thirty years later, where he once again must confront the ghosts and regrets of his old life.
        </p>
        <p
          className="movie-card__director"
        >
          <strong>
            Director: 
            Sergio Leone
          </strong>
        </p>
        <p
          className="movie-card__starring"
        >
          <strong>
            Starring: 
            Robert De Niro, James Woods, Elizabeth McGovern
             and other
          </strong>
        </p>
      </div>
    </div>
  </div>
</div>
`;
